Archive member included to satisfy reference by file (symbol)

obj_emsk_22/gnu_arcem11d/board/emsk/drivers/ip/designware/gpio/dw_gpio_obj.o
                              obj_emsk_22/gnu_arcem11d/application/./main.o (gpio_get_dev)
obj_emsk_22/gnu_arcem11d/device/ip/designware/gpio/dw_gpio.o
                              obj_emsk_22/gnu_arcem11d/board/emsk/drivers/ip/designware/gpio/dw_gpio_obj.o (dw_gpio_open)
obj_emsk_22/gnu_arcem11d/board/emsk/common/emsk_init.o
                              obj_emsk_22/gnu_arcem11d/application/./main.o (board_init)
obj_emsk_22/gnu_arcem11d/board/emsk/common/emsk_timer.o
                              obj_emsk_22/gnu_arcem11d/board/emsk/common/emsk_init.o (emsk_timer_init)
obj_emsk_22/gnu_arcem11d/board/emsk/drivers/mux/mux.o
                              obj_emsk_22/gnu_arcem11d/board/emsk/common/emsk_init.o (io_mux_init)
obj_emsk_22/gnu_arcem11d/middleware/common/console_io.o
                              obj_emsk_22/gnu_arcem11d/board/board.o (xprintf_setup)
obj_emsk_22/gnu_arcem11d/middleware/common/xprintf/xprintf.o
                              obj_emsk_22/gnu_arcem11d/middleware/common/console_io.o (xfunc_out)
obj_emsk_22/gnu_arcem11d/arc/arc_timer.o
                              obj_emsk_22/gnu_arcem11d/board/emsk/common/emsk_timer.o (timer_present)
obj_emsk_22/gnu_arcem11d/arc/arc_cache.o
                              obj_emsk_22/gnu_arcem11d/arc/startup/arc_startup.o (arc_cache_init)
obj_emsk_22/gnu_arcem11d/arc/arc_exception.o
                              obj_emsk_22/gnu_arcem11d/arc/startup/arc_startup.o (exc_int_init)
obj_emsk_22/gnu_arcem11d/arc/arc_exc_asm.o
                              obj_emsk_22/gnu_arcem11d/arc/arc_exception.o (exc_entry_cpu)
obj_emsk_22/gnu_arcem11d/library/clib/embarc_misc.o
                              obj_emsk_22/gnu_arcem11d/middleware/common/console_io.o (gnu_printf_setup)
obj_emsk_22/gnu_arcem11d/board/emsk/drivers/ip/designware/uart/dw_uart_obj.o
                              obj_emsk_22/gnu_arcem11d/middleware/common/console_io.o (uart_get_dev)
obj_emsk_22/gnu_arcem11d/device/ip/designware/uart/dw_uart.o
                              obj_emsk_22/gnu_arcem11d/board/emsk/drivers/ip/designware/uart/dw_uart_obj.o (dw_uart_open)
obj_emsk_22/gnu_arcem11d/board/emsk/common/emsk_gpio.o
                              obj_emsk_22/gnu_arcem11d/board/emsk/common/emsk_init.o (emsk_gpio_init)
c:/arc_gnu/bin/../lib/gcc/arc-elf32/7.1.1/em4_fpuda\libgcc.a(_udivdi3.o)
                              obj_emsk_22/gnu_arcem11d/board/emsk/common/emsk_timer.o (__udivdi3)

Allocating common symbols
Common symbol       size              file

data_in100          0x4               obj_emsk_22/gnu_arcem11d/application/./main.o
in                  0x4               obj_emsk_22/gnu_arcem11d/application/./main.o
out_cube            0x4               obj_emsk_22/gnu_arcem11d/application/./main.o
s_thermal_in_sensing
                    0x4               obj_emsk_22/gnu_arcem11d/application/./main.o
xfunc_in            0x4               obj_emsk_22/gnu_arcem11d/middleware/common/xprintf/xprintf.o
in_raw_data         0x4               obj_emsk_22/gnu_arcem11d/application/./main.o
dgr_fract           0x4               obj_emsk_22/gnu_arcem11d/application/./main.o
s_thermal_in_ruler  0x4               obj_emsk_22/gnu_arcem11d/application/./main.o
dw_uart_0           0x5c              obj_emsk_22/gnu_arcem11d/board/emsk/drivers/ip/designware/uart/dw_uart_obj.o
out                 0x4               obj_emsk_22/gnu_arcem11d/application/./main.o
xfunc_out           0x4               obj_emsk_22/gnu_arcem11d/middleware/common/xprintf/xprintf.o
s_ex                0x4               obj_emsk_22/gnu_arcem11d/application/./main.o
in_sqr              0x4               obj_emsk_22/gnu_arcem11d/application/./main.o
s_thermal_in_ppg    0x4               obj_emsk_22/gnu_arcem11d/application/./main.o
s_thermal_out_ppg   0x4               obj_emsk_22/gnu_arcem11d/application/./main.o
out_raw_data        0x4               obj_emsk_22/gnu_arcem11d/application/./main.o
out_sqr             0x4               obj_emsk_22/gnu_arcem11d/application/./main.o
s_thermal_out_sensing
                    0x4               obj_emsk_22/gnu_arcem11d/application/./main.o
data_out100         0x4               obj_emsk_22/gnu_arcem11d/application/./main.o
exc_nest_count      0x4               obj_emsk_22/gnu_arcem11d/arc/arc_exception.o
dw_uart_2           0x5c              obj_emsk_22/gnu_arcem11d/board/emsk/drivers/ip/designware/uart/dw_uart_obj.o
idx                 0x4               obj_emsk_22/gnu_arcem11d/application/./main.o
est_temp            0x4               obj_emsk_22/gnu_arcem11d/application/./main.o
key                 0x4               obj_emsk_22/gnu_arcem11d/application/./main.o
dw_uart_1           0x5c              obj_emsk_22/gnu_arcem11d/board/emsk/drivers/ip/designware/uart/dw_uart_obj.o
count               0x4               obj_emsk_22/gnu_arcem11d/application/./main.o
s_in                0x4               obj_emsk_22/gnu_arcem11d/application/./main.o
dgr_int             0x4               obj_emsk_22/gnu_arcem11d/application/./main.o
ticks_1s            0x4               obj_emsk_22/gnu_arcem11d/application/./main.o
s_thermal_out_ruler
                    0x4               obj_emsk_22/gnu_arcem11d/application/./main.o

Memory Configuration

Name             Origin             Length             Attributes
ICCM             0x00000000         0x00010000
DCCM             0x80000000         0x00010000
EXT_RAM          0x10000000         0x08000000
*default*        0x00000000         0xffffffff

Linker script and memory map

LOAD c:/arc_gnu/bin/../lib/gcc/arc-elf32/7.1.1/../../../../arc-elf32/lib/em4_fpuda\libm.a

.init           0x10000000      0x1f0
                0x10000000                _f_init = .
 *(.init_vector)
 .init_vector   0x10000000        0x4 obj_emsk_22/gnu_arcem11d/arc/startup/arc_startup.o
 *(.init_bootstrap)
 .init_bootstrap
                0x10000004      0x1ec obj_emsk_22/gnu_arcem11d/arc/startup/arc_startup.o
                0x10000004                _arc_reset
                0x10000004                _start
                0x100001dc                _exit_loop
                0x100001dc                _exit_halt
                0x100001f0                _e_init = .

.vector         0x10000400      0x400
                0x10000400                _f_vector = .
 *(.vector)
 .vector        0x10000400      0x400 obj_emsk_22/gnu_arcem11d/arc/arc_exception.o
                0x10000400                exc_entry_table
                0x10000800                _e_vector = .

.text           0x10000800     0x3f20
                0x10000800                _f_text = .
 *(.text .text.* .gnu.linkonce.t.*)
 .text          0x10000800      0x7e8 obj_emsk_22/gnu_arcem11d/application/./main.o
                0x10000ee0                main
 .text          0x10000fe8       0x38 obj_emsk_22/gnu_arcem11d/board/board.o
                0x10000fe8                board_main
 .text          0x10001020       0xb8 obj_emsk_22/gnu_arcem11d/arc/startup/arc_cxx_support.o
                0x10001020                __do_global_ctors_aux
                0x10001050                __do_global_dtors_aux
                0x10001088                __cxa_atexit
                0x1000108c                __do_init_array_aux
                0x100010d4                __cxa_pure_virtual
 .text          0x100010d8        0x0 obj_emsk_22/gnu_arcem11d/arc/startup/arc_startup.o
 .text          0x100010d8      0x400 obj_emsk_22/gnu_arcem11d/board/emsk/drivers/ip/designware/gpio/dw_gpio_obj.o
                0x100012a8                dw_gpio_all_install
                0x10001474                gpio_get_dev
 .text          0x100014d8      0x6d4 obj_emsk_22/gnu_arcem11d/device/ip/designware/gpio/dw_gpio.o
                0x10001528                dw_gpio_open
                0x10001614                dw_gpio_close
                0x100016d4                dw_gpio_read
                0x1000174c                dw_gpio_write
                0x100017a0                dw_gpio_control
                0x10001a60                dw_gpio_isr_handler
                0x10001b28                dw_gpio_bit_isr_handler
 .text          0x10001bac       0x18 obj_emsk_22/gnu_arcem11d/board/emsk/common/emsk_init.o
                0x10001bac                board_init
 .text          0x10001bc4      0x1b4 obj_emsk_22/gnu_arcem11d/board/emsk/common/emsk_timer.o
                0x10001bc4                board_timer_update
                0x10001c58                emsk_timer_init
                0x10001c90                board_get_hwticks
                0x10001cc8                board_get_cur_us
                0x10001d28                board_delay_ms
 .text          0x10001d78      0x144 obj_emsk_22/gnu_arcem11d/board/emsk/drivers/mux/mux.o
                0x10001d78                set_pmod_mux
                0x10001d84                get_pmod_mux
                0x10001d90                set_spi_map
                0x10001d9c                set_uart_map
                0x10001da8                io_mikro_config
                0x10001db0                io_arduino_config_spi
                0x10001db8                io_arduino_config_uart
                0x10001dc0                io_arduino_config_i2c
                0x10001dc8                io_arduino_config_ad
                0x10001dd0                io_arduino_config_pwm
                0x10001dd8                io_arduino_config_gpio
                0x10001de0                io_pmod_config
                0x10001e94                io_mux_init
 .text          0x10001ebc      0x124 obj_emsk_22/gnu_arcem11d/middleware/common/console_io.o
                0x10001ebc                console_putchar
                0x10001ee8                console_getchar
                0x10001f24                console_putstr
                0x10001f3c                console_getstr
                0x10001f54                xprintf_setup
 .text          0x10001fe0      0x6c8 obj_emsk_22/gnu_arcem11d/middleware/common/xprintf/xprintf.o
                0x10001fe0                xputc
                0x10002028                xputs
                0x10002048                xfputs
                0x10002080                xvprintf
                0x1000237c                xprintf
                0x100023a4                xsprintf
                0x100023e8                xfprintf
                0x10002428                put_dump
                0x100024f4                xgets
                0x10002590                xfgets
                0x100025bc                xatoi
 .text          0x100026a8      0x228 obj_emsk_22/gnu_arcem11d/arc/arc_timer.o
                0x100026a8                timer_present
                0x100026d4                timer_start
                0x10002774                timer_stop
                0x1000280c                timer_current
                0x10002868                timer_int_clear
                0x100028b8                timer_init
 .text          0x100028d0      0x4a0 obj_emsk_22/gnu_arcem11d/arc/arc_cache.o
                0x100028d0                icache_invalidate_mlines
                0x1000293c                icache_lock_mlines
                0x100029c0                icache_direct_write
                0x100029f0                icache_direct_read
                0x10002a20                icache_indirect_read
                0x10002a5c                dcache_invalidate_mlines
                0x10002ad0                dcache_flush_mlines
                0x10002b44                dcache_lock_mlines
                0x10002bc8                dcache_direct_write
                0x10002bf8                dcache_direct_read
                0x10002c28                dcache_indirect_read
                0x10002c64                arc_cache_init
 .text          0x10002d70      0x374 obj_emsk_22/gnu_arcem11d/arc/arc_exception.o
                0x10002df0                exc_int_init
                0x10002e5c                exc_entry_install
                0x10002ed8                exc_entry_get
                0x10002eec                exc_handler_install
                0x10002f08                exc_handler_get
                0x10002f1c                int_disable
                0x10002f40                int_enable
                0x10002f64                int_enabled
                0x10002f80                int_ipm_get
                0x10002f90                int_ipm_set
                0x10002fc0                int_pri_get
                0x10002fe0                int_pri_set
                0x10003014                int_secure_set
                0x10003044                int_probe
                0x10003060                int_sw_trigger
                0x10003078                int_level_config
                0x10003098                cpu_lock
                0x100030a0                cpu_unlock
                0x100030a8                cpu_lock_save
                0x100030b0                cpu_unlock_restore
                0x100030b8                int_handler_install
                0x100030cc                int_handler_get
 .text          0x100030e4      0x2c8 obj_emsk_22/gnu_arcem11d/arc/arc_exc_asm.o
                0x100030e4                exc_entry_cpu
                0x10003258                exc_entry_int
                0x100032f8                exc_entry_firq
 .text          0x100033ac        0x4 obj_emsk_22/gnu_arcem11d/library/clib/embarc_misc.o
                0x100033ac                gnu_printf_setup
 .text          0x100033b0      0x290 obj_emsk_22/gnu_arcem11d/board/emsk/drivers/ip/designware/uart/dw_uart_obj.o
                0x1000350c                dw_uart_all_install
                0x100035ec                uart_get_dev
 .text          0x10003640      0xb30 obj_emsk_22/gnu_arcem11d/device/ip/designware/uart/dw_uart.o
                0x100038cc                dw_uart_open
                0x10003a7c                dw_uart_close
                0x10003b80                dw_uart_control
                0x10003ee0                dw_uart_write
                0x10003f70                dw_uart_read
                0x10003ff8                dw_uart_isr
 .text          0x10004170      0x244 obj_emsk_22/gnu_arcem11d/board/emsk/common/emsk_gpio.o
                0x10004170                emsk_button_init
                0x100041b8                emsk_switch_init
                0x10004200                led_write
                0x10004220                emsk_led_init
                0x10004278                vega_J1_40_write
                0x10004298                emsk_vega_init
                0x100042e8                emsk_gpio_init
                0x10004300                led_toggle
                0x1000431c                led_read
                0x1000434c                switch_read
                0x10004380                button_read
 .text          0x100043b4        0x0 c:/arc_gnu/bin/../lib/gcc/arc-elf32/7.1.1/em4_fpuda\libgcc.a(_udivdi3.o)
 .text.__udivdi3
                0x100043b4      0x36c c:/arc_gnu/bin/../lib/gcc/arc-elf32/7.1.1/em4_fpuda\libgcc.a(_udivdi3.o)
                0x100043b4                __udivdi3
                0x10004720                _e_text = .

.rodata         0x10004720      0xbb0
                0x10004720                _f_rodata = .
                0x10004720                . = ALIGN (0x4)
                0x10004720                __CTOR_LIST__ = .
                0x10004720        0x4 LONG 0x0 (((__CTOR_END__ - __CTOR_LIST__) / 0x4) - 0x2)
 *(SORT(.ctors*))
                0x10004724        0x4 LONG 0x0
                0x10004728                __CTOR_END__ = .
                0x10004728                . = ALIGN (0x4)
                0x10004728                __init_array_start = .
 *(SORT(.init_array*))
                0x10004728                __init_array_end = .
                0x10004728                . = ALIGN (0x4)
                0x10004728                __DTOR_LIST__ = .
                0x10004728        0x4 LONG 0x0 (((__DTOR_END__ - __DTOR_LIST__) / 0x4) - 0x2)
 *(SORT(.dtors*))
                0x1000472c        0x4 LONG 0x0
                0x10004730                __DTOR_END__ = .
 *(.rodata .rodata.* .gnu.linkonce.r.*)
 .rodata.str1.4
                0x10004730      0x652 obj_emsk_22/gnu_arcem11d/application/./main.o
                                0x654 (size before relaxing)
 *fill*         0x10004d82        0x2 
 .rodata.str1.4
                0x10004d84        0x5 obj_emsk_22/gnu_arcem11d/board/board.o
                                  0x8 (size before relaxing)
 *fill*         0x10004d89        0x3 
 .rodata        0x10004d8c       0x10 obj_emsk_22/gnu_arcem11d/board/emsk/drivers/ip/designware/gpio/dw_gpio_obj.o
 .rodata        0x10004d9c       0x2c obj_emsk_22/gnu_arcem11d/device/ip/designware/gpio/dw_gpio.o
 .rodata        0x10004dc8       0x18 obj_emsk_22/gnu_arcem11d/board/emsk/drivers/mux/mux.o
 .rodata.str1.4
                0x10004de0      0x2fc obj_emsk_22/gnu_arcem11d/middleware/common/console_io.o
 .rodata        0x100050dc       0x5c obj_emsk_22/gnu_arcem11d/middleware/common/xprintf/xprintf.o
 .rodata.str1.4
                0x10005138       0x1f obj_emsk_22/gnu_arcem11d/middleware/common/xprintf/xprintf.o
                                 0x20 (size before relaxing)
 *fill*         0x10005157        0x1 
 .rodata.str1.4
                0x10005158       0x94 obj_emsk_22/gnu_arcem11d/arc/arc_exception.o
 .rodata        0x100051ec       0xe4 obj_emsk_22/gnu_arcem11d/device/ip/designware/uart/dw_uart.o
                0x100052c0                dw_uart_stopbits
                0x100052c4                dw_uart_parity
                0x100052cc                dw_uart_databits
                0x100052d0                _e_rodata = .

.data           0x100052d0      0x330
                0x100052d0                _f_data = .
 *(.data .data.* .gnu.linkonce.d.*)
 .data          0x100052d0      0x23c obj_emsk_22/gnu_arcem11d/application/./main.o
                0x100052d0                train_max_out
                0x100052d4                train_max_in
                0x100052d8                train_min_out
                0x100052dc                train_min_in
                0x100052e0                out_offset
                0x100052e4                in_offset
                0x100052e8                mse_param
                0x10005300                max_in
                0x10005304                min_in
                0x10005308                PATTERN_NEW
 .data          0x1000550c        0x8 obj_emsk_22/gnu_arcem11d/board/board.o
                0x1000550c                s_main_args
 .data          0x10005514        0x0 obj_emsk_22/gnu_arcem11d/arc/startup/arc_cxx_support.o
 .data          0x10005514        0x0 obj_emsk_22/gnu_arcem11d/arc/startup/arc_startup.o
 .data          0x10005514        0x8 obj_emsk_22/gnu_arcem11d/board/emsk/drivers/ip/designware/gpio/dw_gpio_obj.o
 .data          0x1000551c        0x0 obj_emsk_22/gnu_arcem11d/device/ip/designware/gpio/dw_gpio.o
 .data          0x1000551c        0x0 obj_emsk_22/gnu_arcem11d/board/emsk/common/emsk_init.o
 .data          0x1000551c        0x0 obj_emsk_22/gnu_arcem11d/board/emsk/common/emsk_timer.o
 .data          0x1000551c        0x0 obj_emsk_22/gnu_arcem11d/board/emsk/drivers/mux/mux.o
 .data          0x1000551c        0x0 obj_emsk_22/gnu_arcem11d/middleware/common/console_io.o
 .data          0x1000551c        0x0 obj_emsk_22/gnu_arcem11d/middleware/common/xprintf/xprintf.o
 .data          0x1000551c        0x0 obj_emsk_22/gnu_arcem11d/arc/arc_timer.o
 .data          0x1000551c        0x0 obj_emsk_22/gnu_arcem11d/arc/arc_cache.o
 .data          0x1000551c       0x90 obj_emsk_22/gnu_arcem11d/arc/arc_exception.o
                0x1000551c                exc_int_handler_table
 .data          0x100055ac        0x0 obj_emsk_22/gnu_arcem11d/arc/arc_exc_asm.o
 .data          0x100055ac        0x0 obj_emsk_22/gnu_arcem11d/library/clib/embarc_misc.o
 .data          0x100055ac       0x54 obj_emsk_22/gnu_arcem11d/board/emsk/drivers/ip/designware/uart/dw_uart_obj.o
                0x100055ac                dw_uart_2_ctrl
                0x100055c8                dw_uart_1_ctrl
                0x100055e4                dw_uart_0_ctrl
 .data          0x10005600        0x0 obj_emsk_22/gnu_arcem11d/device/ip/designware/uart/dw_uart.o
 .data          0x10005600        0x0 obj_emsk_22/gnu_arcem11d/board/emsk/common/emsk_gpio.o
 .data          0x10005600        0x0 c:/arc_gnu/bin/../lib/gcc/arc-elf32/7.1.1/em4_fpuda\libgcc.a(_udivdi3.o)
                0x10005600                _f_sdata = .
                0x10005600                __SDATA_BEGIN__ = .
 *(.sdata .sdata.* .gnu.linkonce.s.*)
                0x10005600                _e_sdata = .
                0x10005600                _e_data = .

.bss            0x10005600      0x6a4
                [!provide]                PROVIDE (__sbss_start, .)
                [!provide]                PROVIDE (___sbss_start, .)
                0x10005600                _f_bss = .
                0x10005600                _f_sbss = .
 *(.dynsbss)
 *(.sbss .sbss.* .gnu.linkonce.sb.*)
 *(.scommon)
                0x10005600                _e_sbss = .
                [!provide]                PROVIDE (__sbss_end, .)
                [!provide]                PROVIDE (___sbss_end, .)
 *(.dynbss)
 *(.bss .bss.* .gnu.linkonce.b.*)
 .bss           0x10005600      0x344 obj_emsk_22/gnu_arcem11d/application/./main.o
                0x10005600                ex_ave
                0x10005790                in_ave
                0x10005920                ave_cnt
                0x10005924                sum_out
                0x10005928                sum_in
                0x1000592c                est_temp_tmp
                0x10005930                print_count
 .bss           0x10005944        0x0 obj_emsk_22/gnu_arcem11d/board/board.o
 .bss           0x10005944        0x4 obj_emsk_22/gnu_arcem11d/arc/startup/arc_cxx_support.o
                0x10005944                __dso_handle
 .bss           0x10005948        0x0 obj_emsk_22/gnu_arcem11d/arc/startup/arc_startup.o
 .bss           0x10005948      0x194 obj_emsk_22/gnu_arcem11d/board/emsk/drivers/ip/designware/gpio/dw_gpio_obj.o
 .bss           0x10005adc        0x0 obj_emsk_22/gnu_arcem11d/device/ip/designware/gpio/dw_gpio.o
 .bss           0x10005adc        0x0 obj_emsk_22/gnu_arcem11d/board/emsk/common/emsk_init.o
 .bss           0x10005adc       0x14 obj_emsk_22/gnu_arcem11d/board/emsk/common/emsk_timer.o
                0x10005ae4                gl_emsk_ms_cnt
                0x10005ae8                gl_emsk_sys_hz_cnt
 .bss           0x10005af0        0x4 obj_emsk_22/gnu_arcem11d/board/emsk/drivers/mux/mux.o
 .bss           0x10005af4        0x8 obj_emsk_22/gnu_arcem11d/middleware/common/console_io.o
 .bss           0x10005afc        0x4 obj_emsk_22/gnu_arcem11d/middleware/common/xprintf/xprintf.o
 .bss           0x10005b00        0x0 obj_emsk_22/gnu_arcem11d/arc/arc_timer.o
 .bss           0x10005b00       0x10 obj_emsk_22/gnu_arcem11d/arc/arc_cache.o
 .bss           0x10005b10        0x0 obj_emsk_22/gnu_arcem11d/arc/arc_exception.o
 .bss           0x10005b10        0x0 obj_emsk_22/gnu_arcem11d/arc/arc_exc_asm.o
 .bss           0x10005b10        0x0 obj_emsk_22/gnu_arcem11d/library/clib/embarc_misc.o
 .bss           0x10005b10        0x4 obj_emsk_22/gnu_arcem11d/board/emsk/drivers/ip/designware/uart/dw_uart_obj.o
 .bss           0x10005b14        0x0 obj_emsk_22/gnu_arcem11d/device/ip/designware/uart/dw_uart.o
 .bss           0x10005b14       0x10 obj_emsk_22/gnu_arcem11d/board/emsk/common/emsk_gpio.o
 .bss           0x10005b24        0x0 c:/arc_gnu/bin/../lib/gcc/arc-elf32/7.1.1/em4_fpuda\libgcc.a(_udivdi3.o)
 *(COMMON)
 COMMON         0x10005b24       0x60 obj_emsk_22/gnu_arcem11d/application/./main.o
                0x10005b24                data_in100
                0x10005b28                in
                0x10005b2c                out_cube
                0x10005b30                s_thermal_in_sensing
                0x10005b34                in_raw_data
                0x10005b38                dgr_fract
                0x10005b3c                s_thermal_in_ruler
                0x10005b40                out
                0x10005b44                s_ex
                0x10005b48                in_sqr
                0x10005b4c                s_thermal_in_ppg
                0x10005b50                s_thermal_out_ppg
                0x10005b54                out_raw_data
                0x10005b58                out_sqr
                0x10005b5c                s_thermal_out_sensing
                0x10005b60                data_out100
                0x10005b64                idx
                0x10005b68                est_temp
                0x10005b6c                key
                0x10005b70                count
                0x10005b74                s_in
                0x10005b78                dgr_int
                0x10005b7c                ticks_1s
                0x10005b80                s_thermal_out_ruler
 COMMON         0x10005b84        0x8 obj_emsk_22/gnu_arcem11d/middleware/common/xprintf/xprintf.o
                0x10005b84                xfunc_in
                0x10005b88                xfunc_out
 COMMON         0x10005b8c        0x4 obj_emsk_22/gnu_arcem11d/arc/arc_exception.o
                0x10005b8c                exc_nest_count
 COMMON         0x10005b90      0x114 obj_emsk_22/gnu_arcem11d/board/emsk/drivers/ip/designware/uart/dw_uart_obj.o
                0x10005b90                dw_uart_0
                0x10005bec                dw_uart_2
                0x10005c48                dw_uart_1
                0x10005ca4                _e_bss = .

.stack          0x10005ca4     0x2000
                0x10005ca4                . = ALIGN (0x4)
                0x10005ca4                _f_stack = .
                0x10007ca4                . = (. + 0x2000)
 *fill*         0x10005ca4     0x2000 
                0x10007ca4                _e_stack = .

.heap           0x10007ca4     0x2000
                0x10007ca4                . = ALIGN (0x4)
                0x10007ca4                __start_heap = .
                0x10007ca4                _f_heap = .
                0x10009ca4                . = (. + 0x2000)
 *fill*         0x10007ca4     0x2000 
                0x10009ca4                _e_heap = .
                0x10009ca4                __end_heap = .
                0x10000800                _load_addr_text = LOADADDR (.text)
                0x10004720                _load_addr_rodata = LOADADDR (.rodata)
                0x100052d0                _load_addr_data = LOADADDR (.data)
LOAD obj_emsk_22/gnu_arcem11d/application/./main.o
LOAD obj_emsk_22/gnu_arcem11d/board/board.o
LOAD obj_emsk_22/gnu_arcem11d/arc/startup/arc_cxx_support.o
LOAD obj_emsk_22/gnu_arcem11d/arc/startup/arc_startup.o
START GROUP
LOAD obj_emsk_22/gnu_arcem11d/libembarc.a
LOAD c:/arc_gnu/bin/../lib/gcc/arc-elf32/7.1.1/../../../../arc-elf32/lib/em4_fpuda\libm.a
LOAD c:/arc_gnu/bin/../lib/gcc/arc-elf32/7.1.1/../../../../arc-elf32/lib/em4_fpuda\libc.a
LOAD c:/arc_gnu/bin/../lib/gcc/arc-elf32/7.1.1/em4_fpuda\libgcc.a
END GROUP
START GROUP
LOAD c:/arc_gnu/bin/../lib/gcc/arc-elf32/7.1.1/em4_fpuda\libgcc.a
LOAD c:/arc_gnu/bin/../lib/gcc/arc-elf32/7.1.1/../../../../arc-elf32/lib/em4_fpuda\libc.a
LOAD c:/arc_gnu/bin/../lib/gcc/arc-elf32/7.1.1/../../../../arc-elf32/lib/em4_fpuda\libnosys.a
END GROUP
OUTPUT(obj_emsk_22/gnu_arcem11d/contest_gnu_arcem11d.elf elf32-littlearc)

.debug_info     0x00000000     0xc1bb
 .debug_info    0x00000000     0x163f obj_emsk_22/gnu_arcem11d/application/./main.o
 .debug_info    0x0000163f      0xcb0 obj_emsk_22/gnu_arcem11d/board/board.o
 .debug_info    0x000022ef      0x1ce obj_emsk_22/gnu_arcem11d/arc/startup/arc_cxx_support.o
 .debug_info    0x000024bd       0x26 obj_emsk_22/gnu_arcem11d/arc/startup/arc_startup.o
 .debug_info    0x000024e3     0x104c obj_emsk_22/gnu_arcem11d/board/emsk/drivers/ip/designware/gpio/dw_gpio_obj.o
 .debug_info    0x0000352f     0x1377 obj_emsk_22/gnu_arcem11d/device/ip/designware/gpio/dw_gpio.o
 .debug_info    0x000048a6      0x300 obj_emsk_22/gnu_arcem11d/board/emsk/common/emsk_init.o
 .debug_info    0x00004ba6      0x545 obj_emsk_22/gnu_arcem11d/board/emsk/common/emsk_timer.o
 .debug_info    0x000050eb      0x5ed obj_emsk_22/gnu_arcem11d/board/emsk/drivers/mux/mux.o
 .debug_info    0x000056d8      0xf47 obj_emsk_22/gnu_arcem11d/middleware/common/console_io.o
 .debug_info    0x0000661f      0x691 obj_emsk_22/gnu_arcem11d/middleware/common/xprintf/xprintf.o
 .debug_info    0x00006cb0      0x24f obj_emsk_22/gnu_arcem11d/arc/arc_timer.o
 .debug_info    0x00006eff      0x7c3 obj_emsk_22/gnu_arcem11d/arc/arc_cache.o
 .debug_info    0x000076c2      0xd57 obj_emsk_22/gnu_arcem11d/arc/arc_exception.o
 .debug_info    0x00008419       0x26 obj_emsk_22/gnu_arcem11d/arc/arc_exc_asm.o
 .debug_info    0x0000843f      0x947 obj_emsk_22/gnu_arcem11d/library/clib/embarc_misc.o
 .debug_info    0x00008d86      0xd13 obj_emsk_22/gnu_arcem11d/board/emsk/drivers/ip/designware/uart/dw_uart_obj.o
 .debug_info    0x00009a99     0x1e34 obj_emsk_22/gnu_arcem11d/device/ip/designware/uart/dw_uart.o
 .debug_info    0x0000b8cd      0x8ee obj_emsk_22/gnu_arcem11d/board/emsk/common/emsk_gpio.o

.debug_abbrev   0x00000000     0x2b31
 .debug_abbrev  0x00000000      0x33c obj_emsk_22/gnu_arcem11d/application/./main.o
 .debug_abbrev  0x0000033c      0x2f8 obj_emsk_22/gnu_arcem11d/board/board.o
 .debug_abbrev  0x00000634      0x14d obj_emsk_22/gnu_arcem11d/arc/startup/arc_cxx_support.o
 .debug_abbrev  0x00000781       0x14 obj_emsk_22/gnu_arcem11d/arc/startup/arc_startup.o
 .debug_abbrev  0x00000795      0x2fe obj_emsk_22/gnu_arcem11d/board/emsk/drivers/ip/designware/gpio/dw_gpio_obj.o
 .debug_abbrev  0x00000a93      0x37d obj_emsk_22/gnu_arcem11d/device/ip/designware/gpio/dw_gpio.o
 .debug_abbrev  0x00000e10      0x166 obj_emsk_22/gnu_arcem11d/board/emsk/common/emsk_init.o
 .debug_abbrev  0x00000f76      0x241 obj_emsk_22/gnu_arcem11d/board/emsk/common/emsk_timer.o
 .debug_abbrev  0x000011b7      0x258 obj_emsk_22/gnu_arcem11d/board/emsk/drivers/mux/mux.o
 .debug_abbrev  0x0000140f      0x2d1 obj_emsk_22/gnu_arcem11d/middleware/common/console_io.o
 .debug_abbrev  0x000016e0      0x1ec obj_emsk_22/gnu_arcem11d/middleware/common/xprintf/xprintf.o
 .debug_abbrev  0x000018cc       0xe6 obj_emsk_22/gnu_arcem11d/arc/arc_timer.o
 .debug_abbrev  0x000019b2      0x274 obj_emsk_22/gnu_arcem11d/arc/arc_cache.o
 .debug_abbrev  0x00001c26      0x3d1 obj_emsk_22/gnu_arcem11d/arc/arc_exception.o
 .debug_abbrev  0x00001ff7       0x14 obj_emsk_22/gnu_arcem11d/arc/arc_exc_asm.o
 .debug_abbrev  0x0000200b      0x1a7 obj_emsk_22/gnu_arcem11d/library/clib/embarc_misc.o
 .debug_abbrev  0x000021b2      0x2b7 obj_emsk_22/gnu_arcem11d/board/emsk/drivers/ip/designware/uart/dw_uart_obj.o
 .debug_abbrev  0x00002469      0x4b3 obj_emsk_22/gnu_arcem11d/device/ip/designware/uart/dw_uart.o
 .debug_abbrev  0x0000291c      0x215 obj_emsk_22/gnu_arcem11d/board/emsk/common/emsk_gpio.o

.debug_loc      0x00000000     0x5612
 .debug_loc     0x00000000      0x13a obj_emsk_22/gnu_arcem11d/application/./main.o
 .debug_loc     0x0000013a       0x3a obj_emsk_22/gnu_arcem11d/board/board.o
 .debug_loc     0x00000174       0x91 obj_emsk_22/gnu_arcem11d/arc/startup/arc_cxx_support.o
 .debug_loc     0x00000205      0x5e1 obj_emsk_22/gnu_arcem11d/board/emsk/drivers/ip/designware/gpio/dw_gpio_obj.o
 .debug_loc     0x000007e6     0x14cb obj_emsk_22/gnu_arcem11d/device/ip/designware/gpio/dw_gpio.o
 .debug_loc     0x00001cb1      0x117 obj_emsk_22/gnu_arcem11d/board/emsk/common/emsk_timer.o
 .debug_loc     0x00001dc8      0x20e obj_emsk_22/gnu_arcem11d/board/emsk/drivers/mux/mux.o
 .debug_loc     0x00001fd6       0xc5 obj_emsk_22/gnu_arcem11d/middleware/common/console_io.o
 .debug_loc     0x0000209b      0xbb5 obj_emsk_22/gnu_arcem11d/middleware/common/xprintf/xprintf.o
 .debug_loc     0x00002c50      0x28b obj_emsk_22/gnu_arcem11d/arc/arc_timer.o
 .debug_loc     0x00002edb      0x48a obj_emsk_22/gnu_arcem11d/arc/arc_cache.o
 .debug_loc     0x00003365      0x621 obj_emsk_22/gnu_arcem11d/arc/arc_exception.o
 .debug_loc     0x00003986      0x462 obj_emsk_22/gnu_arcem11d/board/emsk/drivers/ip/designware/uart/dw_uart_obj.o
 .debug_loc     0x00003de8     0x1653 obj_emsk_22/gnu_arcem11d/device/ip/designware/uart/dw_uart.o
 .debug_loc     0x0000543b      0x1d7 obj_emsk_22/gnu_arcem11d/board/emsk/common/emsk_gpio.o

.debug_aranges  0x00000000      0x260
 .debug_aranges
                0x00000000       0x20 obj_emsk_22/gnu_arcem11d/application/./main.o
 .debug_aranges
                0x00000020       0x20 obj_emsk_22/gnu_arcem11d/board/board.o
 .debug_aranges
                0x00000040       0x20 obj_emsk_22/gnu_arcem11d/arc/startup/arc_cxx_support.o
 .debug_aranges
                0x00000060       0x20 obj_emsk_22/gnu_arcem11d/arc/startup/arc_startup.o
 .debug_aranges
                0x00000080       0x20 obj_emsk_22/gnu_arcem11d/board/emsk/drivers/ip/designware/gpio/dw_gpio_obj.o
 .debug_aranges
                0x000000a0       0x20 obj_emsk_22/gnu_arcem11d/device/ip/designware/gpio/dw_gpio.o
 .debug_aranges
                0x000000c0       0x20 obj_emsk_22/gnu_arcem11d/board/emsk/common/emsk_init.o
 .debug_aranges
                0x000000e0       0x20 obj_emsk_22/gnu_arcem11d/board/emsk/common/emsk_timer.o
 .debug_aranges
                0x00000100       0x20 obj_emsk_22/gnu_arcem11d/board/emsk/drivers/mux/mux.o
 .debug_aranges
                0x00000120       0x20 obj_emsk_22/gnu_arcem11d/middleware/common/console_io.o
 .debug_aranges
                0x00000140       0x20 obj_emsk_22/gnu_arcem11d/middleware/common/xprintf/xprintf.o
 .debug_aranges
                0x00000160       0x20 obj_emsk_22/gnu_arcem11d/arc/arc_timer.o
 .debug_aranges
                0x00000180       0x20 obj_emsk_22/gnu_arcem11d/arc/arc_cache.o
 .debug_aranges
                0x000001a0       0x20 obj_emsk_22/gnu_arcem11d/arc/arc_exception.o
 .debug_aranges
                0x000001c0       0x20 obj_emsk_22/gnu_arcem11d/arc/arc_exc_asm.o
 .debug_aranges
                0x000001e0       0x20 obj_emsk_22/gnu_arcem11d/library/clib/embarc_misc.o
 .debug_aranges
                0x00000200       0x20 obj_emsk_22/gnu_arcem11d/board/emsk/drivers/ip/designware/uart/dw_uart_obj.o
 .debug_aranges
                0x00000220       0x20 obj_emsk_22/gnu_arcem11d/device/ip/designware/uart/dw_uart.o
 .debug_aranges
                0x00000240       0x20 obj_emsk_22/gnu_arcem11d/board/emsk/common/emsk_gpio.o

.debug_line     0x00000000     0x2870
 .debug_line    0x00000000      0x338 obj_emsk_22/gnu_arcem11d/application/./main.o
 .debug_line    0x00000338      0x26c obj_emsk_22/gnu_arcem11d/board/board.o
 .debug_line    0x000005a4       0x79 obj_emsk_22/gnu_arcem11d/arc/startup/arc_cxx_support.o
 .debug_line    0x0000061d       0xc4 obj_emsk_22/gnu_arcem11d/arc/startup/arc_startup.o
 .debug_line    0x000006e1      0x289 obj_emsk_22/gnu_arcem11d/board/emsk/drivers/ip/designware/gpio/dw_gpio_obj.o
 .debug_line    0x0000096a      0x376 obj_emsk_22/gnu_arcem11d/device/ip/designware/gpio/dw_gpio.o
 .debug_line    0x00000ce0      0x186 obj_emsk_22/gnu_arcem11d/board/emsk/common/emsk_init.o
 .debug_line    0x00000e66      0x18c obj_emsk_22/gnu_arcem11d/board/emsk/common/emsk_timer.o
 .debug_line    0x00000ff2      0x1e1 obj_emsk_22/gnu_arcem11d/board/emsk/drivers/mux/mux.o
 .debug_line    0x000011d3      0x270 obj_emsk_22/gnu_arcem11d/middleware/common/console_io.o
 .debug_line    0x00001443      0x243 obj_emsk_22/gnu_arcem11d/middleware/common/xprintf/xprintf.o
 .debug_line    0x00001686      0x13a obj_emsk_22/gnu_arcem11d/arc/arc_timer.o
 .debug_line    0x000017c0      0x2ce obj_emsk_22/gnu_arcem11d/arc/arc_cache.o
 .debug_line    0x00001a8e      0x2fc obj_emsk_22/gnu_arcem11d/arc/arc_exception.o
 .debug_line    0x00001d8a       0xab obj_emsk_22/gnu_arcem11d/arc/arc_exc_asm.o
 .debug_line    0x00001e35      0x170 obj_emsk_22/gnu_arcem11d/library/clib/embarc_misc.o
 .debug_line    0x00001fa5      0x270 obj_emsk_22/gnu_arcem11d/board/emsk/drivers/ip/designware/uart/dw_uart_obj.o
 .debug_line    0x00002215      0x4ca obj_emsk_22/gnu_arcem11d/device/ip/designware/uart/dw_uart.o
 .debug_line    0x000026df      0x191 obj_emsk_22/gnu_arcem11d/board/emsk/common/emsk_gpio.o

.debug_str      0x00000000     0x2705
 .debug_str     0x00000000      0xac6 obj_emsk_22/gnu_arcem11d/application/./main.o
                                0xc17 (size before relaxing)
 .debug_str     0x00000ac6       0x7b obj_emsk_22/gnu_arcem11d/board/board.o
                                0x8c3 (size before relaxing)
 .debug_str     0x00000b41      0x132 obj_emsk_22/gnu_arcem11d/arc/startup/arc_cxx_support.o
                                0x270 (size before relaxing)
 .debug_str     0x00000c73       0x1d obj_emsk_22/gnu_arcem11d/arc/startup/arc_startup.o
                                 0x61 (size before relaxing)
 .debug_str     0x00000c90      0x40e obj_emsk_22/gnu_arcem11d/board/emsk/drivers/ip/designware/gpio/dw_gpio_obj.o
                                0x94d (size before relaxing)
 .debug_str     0x0000109e      0x34a obj_emsk_22/gnu_arcem11d/device/ip/designware/gpio/dw_gpio.o
                                0x938 (size before relaxing)
 .debug_str     0x000013e8       0x55 obj_emsk_22/gnu_arcem11d/board/emsk/common/emsk_init.o
                                0x469 (size before relaxing)
 .debug_str     0x0000143d      0x124 obj_emsk_22/gnu_arcem11d/board/emsk/common/emsk_timer.o
                                0x581 (size before relaxing)
 .debug_str     0x00001561      0x1cf obj_emsk_22/gnu_arcem11d/board/emsk/drivers/mux/mux.o
                                0x5f7 (size before relaxing)
 .debug_str     0x00001730      0x15e obj_emsk_22/gnu_arcem11d/middleware/common/console_io.o
                                0xa15 (size before relaxing)
 .debug_str     0x0000188e       0xad obj_emsk_22/gnu_arcem11d/middleware/common/xprintf/xprintf.o
                                0x254 (size before relaxing)
 .debug_str     0x0000193b       0x21 obj_emsk_22/gnu_arcem11d/arc/arc_timer.o
                                0x259 (size before relaxing)
 .debug_str     0x0000195c      0x222 obj_emsk_22/gnu_arcem11d/arc/arc_cache.o
                                0x486 (size before relaxing)
 .debug_str     0x00001b7e      0x2ae obj_emsk_22/gnu_arcem11d/arc/arc_exception.o
                                0x61f (size before relaxing)
 .debug_str     0x00001e2c        0xe obj_emsk_22/gnu_arcem11d/arc/arc_exc_asm.o
                                 0x61 (size before relaxing)
 .debug_str     0x00001e3a       0x27 obj_emsk_22/gnu_arcem11d/library/clib/embarc_misc.o
                                0x647 (size before relaxing)
 .debug_str     0x00001e61      0x2f8 obj_emsk_22/gnu_arcem11d/board/emsk/drivers/ip/designware/uart/dw_uart_obj.o
                                0x866 (size before relaxing)
 .debug_str     0x00002159      0x34b obj_emsk_22/gnu_arcem11d/device/ip/designware/uart/dw_uart.o
                                0xcfa (size before relaxing)
 .debug_str     0x000024a4      0x261 obj_emsk_22/gnu_arcem11d/board/emsk/common/emsk_gpio.o
                                0x74b (size before relaxing)

.comment        0x00000000       0x42
 .comment       0x00000000       0x42 obj_emsk_22/gnu_arcem11d/application/./main.o
                                 0x43 (size before relaxing)
 .comment       0x00000042       0x43 obj_emsk_22/gnu_arcem11d/board/board.o
 .comment       0x00000042       0x43 obj_emsk_22/gnu_arcem11d/arc/startup/arc_cxx_support.o
 .comment       0x00000042       0x43 obj_emsk_22/gnu_arcem11d/board/emsk/drivers/ip/designware/gpio/dw_gpio_obj.o
 .comment       0x00000042       0x43 obj_emsk_22/gnu_arcem11d/device/ip/designware/gpio/dw_gpio.o
 .comment       0x00000042       0x43 obj_emsk_22/gnu_arcem11d/board/emsk/common/emsk_init.o
 .comment       0x00000042       0x43 obj_emsk_22/gnu_arcem11d/board/emsk/common/emsk_timer.o
 .comment       0x00000042       0x43 obj_emsk_22/gnu_arcem11d/board/emsk/drivers/mux/mux.o
 .comment       0x00000042       0x43 obj_emsk_22/gnu_arcem11d/middleware/common/console_io.o
 .comment       0x00000042       0x43 obj_emsk_22/gnu_arcem11d/middleware/common/xprintf/xprintf.o
 .comment       0x00000042       0x43 obj_emsk_22/gnu_arcem11d/arc/arc_timer.o
 .comment       0x00000042       0x43 obj_emsk_22/gnu_arcem11d/arc/arc_cache.o
 .comment       0x00000042       0x43 obj_emsk_22/gnu_arcem11d/arc/arc_exception.o
 .comment       0x00000042       0x43 obj_emsk_22/gnu_arcem11d/library/clib/embarc_misc.o
 .comment       0x00000042       0x43 obj_emsk_22/gnu_arcem11d/board/emsk/drivers/ip/designware/uart/dw_uart_obj.o
 .comment       0x00000042       0x43 obj_emsk_22/gnu_arcem11d/device/ip/designware/uart/dw_uart.o
 .comment       0x00000042       0x43 obj_emsk_22/gnu_arcem11d/board/emsk/common/emsk_gpio.o

.note.GNU-stack
                0x00000000        0x0
 .note.GNU-stack
                0x00000000        0x0 obj_emsk_22/gnu_arcem11d/application/./main.o
 .note.GNU-stack
                0x00000000        0x0 obj_emsk_22/gnu_arcem11d/board/board.o
 .note.GNU-stack
                0x00000000        0x0 obj_emsk_22/gnu_arcem11d/arc/startup/arc_cxx_support.o
 .note.GNU-stack
                0x00000000        0x0 obj_emsk_22/gnu_arcem11d/board/emsk/drivers/ip/designware/gpio/dw_gpio_obj.o
 .note.GNU-stack
                0x00000000        0x0 obj_emsk_22/gnu_arcem11d/device/ip/designware/gpio/dw_gpio.o
 .note.GNU-stack
                0x00000000        0x0 obj_emsk_22/gnu_arcem11d/board/emsk/common/emsk_init.o
 .note.GNU-stack
                0x00000000        0x0 obj_emsk_22/gnu_arcem11d/board/emsk/common/emsk_timer.o
 .note.GNU-stack
                0x00000000        0x0 obj_emsk_22/gnu_arcem11d/board/emsk/drivers/mux/mux.o
 .note.GNU-stack
                0x00000000        0x0 obj_emsk_22/gnu_arcem11d/middleware/common/console_io.o
 .note.GNU-stack
                0x00000000        0x0 obj_emsk_22/gnu_arcem11d/middleware/common/xprintf/xprintf.o
 .note.GNU-stack
                0x00000000        0x0 obj_emsk_22/gnu_arcem11d/arc/arc_timer.o
 .note.GNU-stack
                0x00000000        0x0 obj_emsk_22/gnu_arcem11d/arc/arc_cache.o
 .note.GNU-stack
                0x00000000        0x0 obj_emsk_22/gnu_arcem11d/arc/arc_exception.o
 .note.GNU-stack
                0x00000000        0x0 obj_emsk_22/gnu_arcem11d/library/clib/embarc_misc.o
 .note.GNU-stack
                0x00000000        0x0 obj_emsk_22/gnu_arcem11d/board/emsk/drivers/ip/designware/uart/dw_uart_obj.o
 .note.GNU-stack
                0x00000000        0x0 obj_emsk_22/gnu_arcem11d/device/ip/designware/uart/dw_uart.o
 .note.GNU-stack
                0x00000000        0x0 obj_emsk_22/gnu_arcem11d/board/emsk/common/emsk_gpio.o
 .note.GNU-stack
                0x00000000        0x0 c:/arc_gnu/bin/../lib/gcc/arc-elf32/7.1.1/em4_fpuda\libgcc.a(_udivdi3.o)

.ARC.attributes
                0x00000000       0x40
 .ARC.attributes
                0x00000000       0x2e obj_emsk_22/gnu_arcem11d/application/./main.o
 .ARC.attributes
                0x0000002e       0x29 obj_emsk_22/gnu_arcem11d/board/board.o
 .ARC.attributes
                0x00000057       0x2c obj_emsk_22/gnu_arcem11d/arc/startup/arc_cxx_support.o
 .ARC.attributes
                0x00000083       0x25 obj_emsk_22/gnu_arcem11d/arc/startup/arc_startup.o
 .ARC.attributes
                0x000000a8       0x29 obj_emsk_22/gnu_arcem11d/board/emsk/drivers/ip/designware/gpio/dw_gpio_obj.o
 .ARC.attributes
                0x000000d1       0x2e obj_emsk_22/gnu_arcem11d/device/ip/designware/gpio/dw_gpio.o
 .ARC.attributes
                0x000000ff       0x29 obj_emsk_22/gnu_arcem11d/board/emsk/common/emsk_init.o
 .ARC.attributes
                0x00000128       0x2e obj_emsk_22/gnu_arcem11d/board/emsk/common/emsk_timer.o
 .ARC.attributes
                0x00000156       0x2c obj_emsk_22/gnu_arcem11d/board/emsk/drivers/mux/mux.o
 .ARC.attributes
                0x00000182       0x29 obj_emsk_22/gnu_arcem11d/middleware/common/console_io.o
 .ARC.attributes
                0x000001ab       0x33 obj_emsk_22/gnu_arcem11d/middleware/common/xprintf/xprintf.o
 .ARC.attributes
                0x000001de       0x2c obj_emsk_22/gnu_arcem11d/arc/arc_timer.o
 .ARC.attributes
                0x0000020a       0x2c obj_emsk_22/gnu_arcem11d/arc/arc_cache.o
 .ARC.attributes
                0x00000236       0x2c obj_emsk_22/gnu_arcem11d/arc/arc_exception.o
 .ARC.attributes
                0x00000262       0x28 obj_emsk_22/gnu_arcem11d/arc/arc_exc_asm.o
 .ARC.attributes
                0x0000028a       0x29 obj_emsk_22/gnu_arcem11d/library/clib/embarc_misc.o
 .ARC.attributes
                0x000002b3       0x29 obj_emsk_22/gnu_arcem11d/board/emsk/drivers/ip/designware/uart/dw_uart_obj.o
 .ARC.attributes
                0x000002dc       0x34 obj_emsk_22/gnu_arcem11d/device/ip/designware/uart/dw_uart.o
 .ARC.attributes
                0x00000310       0x2c obj_emsk_22/gnu_arcem11d/board/emsk/common/emsk_gpio.o
 .ARC.attributes
                0x0000033c       0x40 c:/arc_gnu/bin/../lib/gcc/arc-elf32/7.1.1/em4_fpuda\libgcc.a(_udivdi3.o)

.debug_frame    0x00000000     0x13ec
 .debug_frame   0x00000000       0x5c obj_emsk_22/gnu_arcem11d/application/./main.o
 .debug_frame   0x0000005c       0x28 obj_emsk_22/gnu_arcem11d/board/board.o
 .debug_frame   0x00000084       0xac obj_emsk_22/gnu_arcem11d/arc/startup/arc_cxx_support.o
 .debug_frame   0x00000130      0x2e4 obj_emsk_22/gnu_arcem11d/board/emsk/drivers/ip/designware/gpio/dw_gpio_obj.o
 .debug_frame   0x00000414      0x13c obj_emsk_22/gnu_arcem11d/device/ip/designware/gpio/dw_gpio.o
 .debug_frame   0x00000550       0x2c obj_emsk_22/gnu_arcem11d/board/emsk/common/emsk_init.o
 .debug_frame   0x0000057c       0xd0 obj_emsk_22/gnu_arcem11d/board/emsk/common/emsk_timer.o
 .debug_frame   0x0000064c       0xe0 obj_emsk_22/gnu_arcem11d/board/emsk/drivers/mux/mux.o
 .debug_frame   0x0000072c       0xb0 obj_emsk_22/gnu_arcem11d/middleware/common/console_io.o
 .debug_frame   0x000007dc      0x1e8 obj_emsk_22/gnu_arcem11d/middleware/common/xprintf/xprintf.o
 .debug_frame   0x000009c4       0xe4 obj_emsk_22/gnu_arcem11d/arc/arc_timer.o
 .debug_frame   0x00000aa8      0x17c obj_emsk_22/gnu_arcem11d/arc/arc_cache.o
 .debug_frame   0x00000c24      0x1e0 obj_emsk_22/gnu_arcem11d/arc/arc_exception.o
 .debug_frame   0x00000e04       0x20 obj_emsk_22/gnu_arcem11d/library/clib/embarc_misc.o
 .debug_frame   0x00000e24      0x23c obj_emsk_22/gnu_arcem11d/board/emsk/drivers/ip/designware/uart/dw_uart_obj.o
 .debug_frame   0x00001060      0x1ec obj_emsk_22/gnu_arcem11d/device/ip/designware/uart/dw_uart.o
 .debug_frame   0x0000124c      0x180 obj_emsk_22/gnu_arcem11d/board/emsk/common/emsk_gpio.o
 .debug_frame   0x000013cc       0x20 c:/arc_gnu/bin/../lib/gcc/arc-elf32/7.1.1/em4_fpuda\libgcc.a(_udivdi3.o)

.debug_ranges   0x00000000      0x1b8
 .debug_ranges  0x00000000       0x18 obj_emsk_22/gnu_arcem11d/arc/startup/arc_cxx_support.o
 .debug_ranges  0x00000018       0x50 obj_emsk_22/gnu_arcem11d/device/ip/designware/gpio/dw_gpio.o
 .debug_ranges  0x00000068       0x18 obj_emsk_22/gnu_arcem11d/arc/arc_cache.o
 .debug_ranges  0x00000080       0x18 obj_emsk_22/gnu_arcem11d/arc/arc_exception.o
 .debug_ranges  0x00000098      0x120 obj_emsk_22/gnu_arcem11d/device/ip/designware/uart/dw_uart.o
